320 w0824-GH-05 Christian
340 w0824-BR-05 Sertanejo
  err HTTP Error 429: Too Many Requests
440 w0824-ES-04 Soundtrack
460 w0824-SE-04 Vocal
  err HTTP Error 403: Forbidden
  err HTTP Error 403: Forbidden
480 w0824-HK-04 Pop
  err HTTP Error 403: Forbidden
  err HTTP Error 403: Forbidden
  err HTTP Error 403: Forbidden
  err HTTP Error 403: Forbidden
  err HTTP Error 403: Forbidden
  err HTTP Error 403: Forbidden
  err HTTP Error 403: Forbidden
  err HTTP Error 403: Forbidden
  err HTTP Error 403: Forbidden
  err HTTP Error 403: Forbidden
  err HTTP Error 403: Forbidden
  err HTTP Error 403: Forbidden
  err HTTP Error 403: Forbidden
  err HTTP Error 403: Forbidden
  err HTTP Error 403: Forbidden
  err HTTP Error 403: Forbidden
600 w0831-TZ-04 Bongo-Flava
  err HTTP Error 403: Forbidden
  err HTTP Error 403: Forbidden
  err HTTP Error 403: Forbidden
  err HTTP Error 403: Forbidden
  err HTTP Error 403: Forbidden
  err HTTP Error 403: Forbidden
  err HTTP Error 403: Forbidden
  err HTTP Error 403: Forbidden
  err HTTP Error 403: Forbidden
  err HTTP Error 403: Forbidden
  err HTTP Error 403: Forbidden
  err HTTP Error 403: Forbidden
  err HTTP Error 403: Forbidden
  err HTTP Error 403: Forbidden
820 w0831-DO-04 Pop
  err HTTP Error 403: Forbidden
  err HTTP Error 403: Forbidden
  err HTTP Error 403: Forbidden
  err HTTP Error 403: Forbidden
  err HTTP Error 403: Forbidden
done 881 tracks, 851 labelled
